CREATE TABLE fixdec (id INT, d FIXEDDECIMAL(5,2));
INSERT INTO fixdec (id,d) VALUES(1,-123.45);
INSERT INTO fixdec (id,d) VALUES(2,-123);
INSERT INTO fixdec (id,d) VALUES(3,-12.34);
INSERT INTO fixdec (id,d) VALUES(4,-1.34);
INSERT INTO fixdec (id,d) VALUES(5, 0.12);
INSERT INTO fixdec (id,d) VALUES(6, 1.23);
INSERT INTO fixdec (id,d) VALUES(7, 12.34);
INSERT INTO fixdec (id,d) VALUES(8, 123.45);
INSERT INTO fixdec (id,d) VALUES(9, 123.456);
CREATE INDEX fixdec_d_idx ON fixdec (d);
DELETE FROM fixdec WHERE id = 9;
SET enable_seqscan = off;
EXPLAIN (COSTS OFF) SELECT * FROM fixdec ORDER BY d;
                     QUERY PLAN                      
-----------------------------------------------------
 Remote Subquery Scan on all (datanode_1,datanode_2)
   ->  Index Scan using fixdec_d_idx on fixdec
(2 rows)

SELECT * FROM fixdec ORDER BY d;
 id |    d    
----+---------
  1 | -123.45
  2 | -123.00
  3 | -12.34
  4 | -1.34
  5 | 0.12
  6 | 1.23
  7 | 12.34
  8 | 123.45
(8 rows)

EXPLAIN (COSTS OFF) SELECT * FROM fixdec WHERE d = '12.34'::FIXEDDECIMAL;
                      QUERY PLAN                       
-------------------------------------------------------
 Remote Subquery Scan on all (datanode_1,datanode_2)
   ->  Bitmap Heap Scan on fixdec
         Recheck Cond: (d = '12.34'::fixeddecimal)
         ->  Bitmap Index Scan on fixdec_d_idx
               Index Cond: (d = '12.34'::fixeddecimal)
(5 rows)

SELECT * FROM fixdec WHERE d = '12.34'::FIXEDDECIMAL;
 id |   d   
----+-------
  7 | 12.34
(1 row)

SELECT * FROM fixdec WHERE d = '-12.34'::FIXEDDECIMAL;
 id |   d    
----+--------
  3 | -12.34
(1 row)

SELECT * FROM fixdec WHERE d = '123.45'::FIXEDDECIMAL;
 id |   d    
----+--------
  8 | 123.45
(1 row)

DROP INDEX fixdec_d_idx;
SET client_min_messages = ERROR;
CREATE INDEX fixdec_d_idx ON fixdec USING hash (d);
RESET client_min_messages;
EXPLAIN (COSTS OFF) SELECT * FROM fixdec WHERE d = '12.34'::FIXEDDECIMAL;
                      QUERY PLAN                       
-------------------------------------------------------
 Remote Subquery Scan on all (datanode_1,datanode_2)
   ->  Bitmap Heap Scan on fixdec
         Recheck Cond: (d = '12.34'::fixeddecimal)
         ->  Bitmap Index Scan on fixdec_d_idx
               Index Cond: (d = '12.34'::fixeddecimal)
(5 rows)

SELECT * FROM fixdec WHERE d = '12.34'::FIXEDDECIMAL;
 id |   d   
----+-------
  7 | 12.34
(1 row)

SELECT * FROM fixdec WHERE d = '-12.34'::FIXEDDECIMAL;
 id |   d    
----+--------
  3 | -12.34
(1 row)

SELECT * FROM fixdec WHERE d = '123.45'::FIXEDDECIMAL;
 id |   d    
----+--------
  8 | 123.45
(1 row)

DROP TABLE fixdec;
SET enable_seqscan = on;
